C:\Users\superman\Desktop\lab01\implementation\system.ngc 1472921815
C:/Users/superman/Desktop/lab01/implementation/push_buttons_5bits_wrapper.ngc 1472921777
C:/Users/superman/Desktop/lab01/implementation/dip_switches_8bits_wrapper.ngc 1472921789
C:/Users/superman/Desktop/lab01/implementation/rs232_uart_1_wrapper.ngc 1472921771
C:/Users/superman/Desktop/lab01/implementation/proc_sys_reset_0_wrapper.ngc 1472921680
C:/Users/superman/Desktop/lab01/implementation/clock_generator_0_wrapper.ngc 1472921801
C:/Users/superman/Desktop/lab01/implementation/microblaze_0_ilmb_wrapper.ngc 1472921792
C:/Users/superman/Desktop/lab01/implementation/microblaze_0_dlmb_wrapper.ngc 1472921795
C:/Users/superman/Desktop/lab01/implementation/axi4lite_0_wrapper.ngc 1472921804
C:/Users/superman/Desktop/lab01/implementation/microblaze_0_wrapper.ngc 1472921798
C:/Users/superman/Desktop/lab01/implementation/microblaze_0_i_bram_ctrl_wrapper.ngc 1472921688
C:/Users/superman/Desktop/lab01/implementation/microblaze_0_d_bram_ctrl_wrapper.ngc 1472921697
C:/Users/superman/Desktop/lab01/implementation/debug_module_wrapper.ngc 1472921752
C:/Users/superman/Desktop/lab01/implementation/leds_8bits_wrapper.ngc 1472921783
C:/Users/superman/Desktop/lab01/implementation/microblaze_0_bram_block_wrapper.ngc 1472921702
OK
